
> padaepartner@0.1.0 dev
> next dev -p 3003

   ▲ Next.js 15.1.7
   - Local:        http://localhost:3003
   - Network:      http://10.190.0.2:3003
   - Environments: .env

 ✓ Starting...
 ✓ Ready in 4.1s
 ○ Compiling /api/generate-blog ...
 ✓ Compiled /api/generate-blog in 3.3s (462 modules)
✅ Validation passed. Generating blog TSX code...
ℹ️ Starting blog generation process for: "CUET UG 2025 Preparation: Subject-Wise Study Plan"
ℹ️ Generating blog inner content...
ℹ️ /home/visalnaqvi/SmartShiksha/data/category/data.json
ℹ️ /home/visalnaqvi/SmartShiksha/data/blogs/2025/data.json
ℹ️ /home/visalnaqvi/SmartShiksha/app/blogs/cuet-ug/2025/CUET-UG-2025-Preparation-Strategy/page.tsx
ℹ️ Generating blog content for topic: "CUET UG 2025 Preparation: Subject-Wise Study Plan"
 ✓ Compiled in 905ms (462 modules)
✅ Blog content generated successfully
ℹ️ Generating complete TSX code...
ℹ️ Formatting final blog content...
ℹ️ Updating data files...
ℹ️ Updating category file...
✅ Category file updated successfully
ℹ️ Starting GitHub update process...
ℹ️ adding to git
